// Jest Snapshot v1, https://goo.gl/fbAQLP

exports[`should render heading 1`] = `
.c0 {
  background: #191F45;
}

<h1
  class="c0"
>
  Test
</h1>
`;
